Name                                                                                                                                                              Stmts   Miss  Cover   Missing
-----------------------------------------------------------------------------------------------------------------------------------------------------------------------------------------------
backend/router.py                                                                                                                                                    11      0   100%
backend/settings.py                                                                                                                                                  41      2    95%   141-143
backend/urls.py                                                                                                                                                       6      0   100%
backend/utils.py                                                                                                                                                      3      1    67%   5
backend/views.py                                                                                                                                                      4      2    50%   5-56
main/__init__.py                                                                                                                                                      0      0   100%
main/admin.py                                                                                                                                                        10      0   100%
main/apps.py                                                                                                                                                          3      0   100%
main/migrations/0001_initial.py                                                                                                                                      10      0   100%
main/migrations/__init__.py                                                                                                                                           0      0   100%
main/models.py                                                                                                                                                       86      9    90%   25, 28, 40, 76, 106, 135, 144, 168, 188
main/serializers.py                                                                                                                                                 124     41    67%   25-31, 34-38, 53-59, 62-65, 78-79, 82-83, 86-87, 99-103, 124-125, 128-129, 147-148, 151-152
main/tests/__init__.py                                                                                                                                                0      0   100%
main/tests/test_announcements.py                                                                                                                                     28      0   100%
main/tests/test_events.py                                                                                                                                            28      0   100%
main/tests/test_requests.py                                                                                                                                          28      0   100%
main/tests/test_teams.py                                                                                                                                             29      0   100%
main/tests/test_users.py                                                                                                                                             47      0   100%
main/urls.py                                                                                                                                                          3      0   100%
main/views.py                                                                                                                                                       452    347    23%   17-20, 23-27, 30-35, 38-40, 47-50, 53-57, 60-65, 68-70, 77-80, 83-99, 106-109, 112-115, 118-150, 155-158, 161-168, 175-178, 181-185, 188-193, 196-198, 205-208, 211-227, 234-237, 240-250, 257-260, 263-280, 287-290, 293-298, 305-308, 311-314, 317-347, 354-357, 360-374, 381-384, 388-393, 400-403, 406-420, 427-430, 433-437, 440-445, 448-450, 457-460, 463-482, 489-492, 495-508, 515-518, 521-528, 535-538, 541-544, 547-572, 660-661, 666-672
main/viewsets.py                                                                                                                                                     36      0   100%
manage.py                                                                                                                                                            12      2    83%   12-13
-----------------------------------------------------------------------------------------------------------------------------------------------------------------------------------------------
TOTAL                                                                                                                                                             72996  43256    41%
